TestCase01 - Passed
TestCase02 - Passed
TestCase03 - Failed
TestCase04 - Passed
TestCase05 - Failed
